2025-12-23 04:45:03 UTC
Windows-10-10.0.19044-SP0
Ren'Py 8.4.1.25072401

Early init took 67 ms
Loading error handling took 41 ms
Loading script took 1551 ms
Loading save slot metadata took 72 ms
Loading persistent took 0 ms

Full traceback:
  File "game/definitions/splash.rpy", line 9, in script
    init -100 python:
  File "renpy/ast.py", line 1187, in execute
    renpy.python.py_exec_bytecode(self.code.bytecode, self.hide, store=self.store)
    ~~~~~~~~~~~~~~~~~~~~~~~~~~~~~^^^^^^^^^^^^^^^^^^^^^^^^^^^^^^^^^^^^^^^^^^^^^^^^^
  File "renpy/python.py", line 1260, in py_exec_bytecode
    exec(bytecode, globals, locals)
    ~~~~^^^^^^^^^^^^^^^^^^^^^^^^^^^
  File "game/definitions/splash.rpy", line 13, in <module>
    raise DDLCRPAsMissing(archive)
store.DDLCRPAsMissing: 'images.rpa' was not found in the game folder. Check your DDLC installation for missing RPAs and try again.

While running game code:
  File "game/definitions/splash.rpy", line 9, in script
    init -100 python:
  File "game/definitions/splash.rpy", line 13, in <module>
    raise DDLCRPAsMissing(archive)
store.DDLCRPAsMissing: 'images.rpa' was not found in the game folder. Check your DDLC installation for missing RPAs and try again.
DPI scale factor: 1.000000
nvdrs: Loaded, about to disable thread optimizations.
nvdrs: Disabled thread optimizations.
Interface start took 505 ms

Initializing gl2 renderer:
primary display bounds: (0, 0, 1920, 1080)
swap interval: 1 frames
Windowed mode.
Vendor: 'NVIDIA Corporation'
Renderer: 'NVIDIA GeForce RTX 2070 SUPER/PCIe/SSE2'
Version: '4.6.0 NVIDIA 581.57'
Display Info: <Info({'bitsize': 32, 'bytesize': 4, 'masks': (16711680, 65280, 255, 0), 'shifts': (16, 8, 0, 0), 'losses': (0, 0, 0, 8), 'current_w': 1920, 'current_h': 1080, 'refresh_rate': 100, 'hw': False, 'wm': True, 'video_mem': 268435456, 'blit_hw': False, 'blit_hw_CC': False, 'blit_hw_A': False, 'blit_sw': False, 'blit_sw_CC': False, 'blit_sw_A': False})>
Screen sizes: virtual=(1280, 720) physical=(1088, 612) drawable=(1088, 612)
Maximum texture size: 4096x4096
Resetting cache.
Early init took 16 ms
Loading error handling took 28 ms
Loading script took 383 ms
Loading save slot metadata took 23 ms
Loading persistent took 1 ms
INFO:renpy_warp_service:service thread started. periodically scanning ports for warp server
Running init code took 300 ms
Loading analysis data took 22 ms
Analyze and compile ATL took 56 ms
Reloading save slot metadata took 16 ms
Backing up script files to 'C:\\Users\\Yami\\AppData\\Roaming/RenPy/backups\\WackoPlusSourceCode':
Dump and make backups took 215 ms
Cleaning cache took 0 ms
Making clean stores took 3 ms
Initial gc took 171 ms
Exception in thread Thread-4 (try_socket_ports_forever):
Traceback (most recent call last):
  File "lib/python3.12/threading.py", line 1075, in _bootstrap_inner
DPI scale factor: 1.000000
nvdrs: Loaded, about to disable thread optimizations.
  File "lib/python3.12/threading.py", line 1012, in run
  File "<string>", line 197, in try_socket_ports_forever
  File "<string>", line 152, in socket_service
  File "lib/python3.12/websockets/sync/client.py", line 289, in connect
  File "lib/python3.12/websockets/sync/client.py", line 90, in handshake
ConnectionError: connection closed during handshake
nvdrs: Disabled thread optimizations.
Creating interface object took 367 ms
Init translation took 2 ms
Cleaning stores took 0 ms
Load screen analysis took 1 ms
Analyze screens took 33 ms
Save screen analysis took 29 ms
Save pyanalysis took 32 ms
Save bytecode took 3 ms
Running _start took 2 ms
Interface start took 623 ms

Initializing gl2 renderer:
primary display bounds: (0, 0, 1920, 1080)
swap interval: 1 frames
Windowed mode.
Vendor: 'NVIDIA Corporation'
Renderer: 'NVIDIA GeForce RTX 2070 SUPER/PCIe/SSE2'
Version: '4.6.0 NVIDIA 581.57'
Display Info: <Info({'bitsize': 32, 'bytesize': 4, 'masks': (16711680, 65280, 255, 0), 'shifts': (16, 8, 0, 0), 'losses': (0, 0, 0, 8), 'current_w': 1920, 'current_h': 1080, 'refresh_rate': 100, 'hw': False, 'wm': True, 'video_mem': 268435456, 'blit_hw': False, 'blit_hw_CC': False, 'blit_hw_A': False, 'blit_sw': False, 'blit_sw_CC': False, 'blit_sw_A': False})>
Screen sizes: virtual=(1280, 720) physical=(1088, 612) drawable=(1088, 612)
Maximum texture size: 4096x4096

Full traceback:
  File "game/script.rpy", line 66, in script call
    call prologue
  File "game/mod_assets/story_scripts/prologue.rpy", line 323, in script call
    call first_gc_convo from _call_first_gc_convo_1
  File "renpy/ast.py", line 1622, in execute
    rv = renpy.game.context().call(label, return_site=self.next.name)
         ~~~~~~~~~~~~~~~~~~~~~~~~~^^^^^^^^^^^^^^^^^^^^^^^^^^^^^^^^^^^
  File "game/script.rpy", line 66, in script call
    call prologue
  File "game/mod_assets/story_scripts/prologue.rpy", line 323, in script call
    call first_gc_convo from _call_first_gc_convo_1
  File "renpy/script.py", line 1161, in lookup
    raise LabelNotFound(original)
renpy.script.LabelNotFound: could not find label 'first_gc_convo'.

While running game code:
  File "game/script.rpy", line 66, in script call
    call prologue
  File "game/mod_assets/story_scripts/prologue.rpy", line 323, in script call
    call first_gc_convo from _call_first_gc_convo_1
  File "game/script.rpy", line 66, in script call
    call prologue
  File "game/mod_assets/story_scripts/prologue.rpy", line 323, in script call
    call first_gc_convo from _call_first_gc_convo_1
renpy.script.LabelNotFound: could not find label 'first_gc_convo'.

Full traceback:
  File "game/script.rpy", line 66, in script call
    call prologue
  File "game/mod_assets/story_scripts/prologue.rpy", line 323, in script call
    call first_gc_convo from _call_first_gc_convo_1
  File "renpy/ast.py", line 1622, in execute
    rv = renpy.game.context().call(label, return_site=self.next.name)
         ~~~~~~~~~~~~~~~~~~~~~~~~~^^^^^^^^^^^^^^^^^^^^^^^^^^^^^^^^^^^
  File "game/script.rpy", line 66, in script call
    call prologue
  File "game/mod_assets/story_scripts/prologue.rpy", line 323, in script call
    call first_gc_convo from _call_first_gc_convo_1
  File "renpy/script.py", line 1161, in lookup
    raise LabelNotFound(original)
renpy.script.LabelNotFound: could not find label 'first_gc_convo'.

While running game code:
  File "game/script.rpy", line 66, in script call
    call prologue
  File "game/mod_assets/story_scripts/prologue.rpy", line 323, in script call
    call first_gc_convo from _call_first_gc_convo_1
  File "game/script.rpy", line 66, in script call
    call prologue
  File "game/mod_assets/story_scripts/prologue.rpy", line 323, in script call
    call first_gc_convo from _call_first_gc_convo_1
renpy.script.LabelNotFound: could not find label 'first_gc_convo'.
Cleaning stores took 1 ms
Load screen analysis took 53 ms
Analyze screens took 0 ms
Running _start took 2 ms

Full traceback:
  File "renpy/common/_layout/screen_main_menu.rpym", line 28, in script
    python hide:
  File "renpy/ast.py", line 1187, in execute
    renpy.python.py_exec_bytecode(self.code.bytecode, self.hide, store=self.store)
    ~~~~~~~~~~~~~~~~~~~~~~~~~~~~~^^^^^^^^^^^^^^^^^^^^^^^^^^^^^^^^^^^^^^^^^^^^^^^^^
  File "renpy/python.py", line 1260, in py_exec_bytecode
    exec(bytecode, globals, locals)
    ~~~~^^^^^^^^^^^^^^^^^^^^^^^^^^^
  File "renpy/common/_layout/screen_main_menu.rpym", line 28, in <module>
    python hide:
  File "renpy/common/_layout/screen_main_menu.rpym", line 35, in _execute_python_hide
    ui.interact()
    ~~~~~~~~~~~^^
  File "renpy/ui.py", line 304, in interact
    rv = renpy.game.interface.interact(roll_forward=roll_forward, **kwargs)
         ~~~~~~~~~~~~~~~~~~~~~~~~~~~~~^^^^^^^^^^^^^^^^^^^^^^^^^^^^^^^^^^^^^
  File "renpy/display/core.py", line 2219, in interact
    repeat, rv = self.interact_core(
                 ~~~~~~~~~~~~~~~~~~^
        preloads=preloads,
        ^^^^^^^^^^^^^^^^^^
    ...<4 lines>...
        **kwargs,
        ^^^^^^^^^
    )  # type: ignore
    ^                
  File "renpy/display/core.py", line 3302, in interact_core
    rv = root_widget.event(ev, x, y, 0)
         ~~~~~~~~~~~~~~~~~^^^^^^^^^^^^^
  File "renpy/display/layout.py", line 1284, in event
    rv = i.event(ev, x - xo, y - yo, cst)
         ~~~~~~~^^^^^^^^^^^^^^^^^^^^^^^^^
  File "renpy/display/layout.py", line 1284, in event
    rv = i.event(ev, x - xo, y - yo, cst)
         ~~~~~~~^^^^^^^^^^^^^^^^^^^^^^^^^
  File "renpy/display/layout.py", line 1284, in event
    rv = i.event(ev, x - xo, y - yo, cst)
         ~~~~~~~^^^^^^^^^^^^^^^^^^^^^^^^^
  File "renpy/display/screen.py", line 805, in event
    rv = self.child.event(ev, x, y, st)
         ~~~~~~~~~~~~~~~~^^^^^^^^^^^^^^
  File "renpy/display/layout.py", line 1284, in event
    rv = i.event(ev, x - xo, y - yo, cst)
         ~~~~~~~^^^^^^^^^^^^^^^^^^^^^^^^^
  File "renpy/display/transform.py", line 1115, in event
    rv = d.event(ev, cx, cy, st)
         ~~~~~~~^^^^^^^^^^^^^^^^
  File "renpy/display/layout.py", line 1284, in event
    rv = i.event(ev, x - xo, y - yo, cst)
         ~~~~~~~^^^^^^^^^^^^^^^^^^^^^^^^^
  File "renpy/display/layout.py", line 1284, in event
    rv = i.event(ev, x - xo, y - yo, cst)
         ~~~~~~~^^^^^^^^^^^^^^^^^^^^^^^^^
  File "renpy/display/transform.py", line 1115, in event
    rv = d.event(ev, cx, cy, st)
         ~~~~~~~^^^^^^^^^^^^^^^^
  File "renpy/display/behavior.py", line 1184, in event
    return handle_click(self.clicked)
           ~~~~~~~~~~~~^^^^^^^^^^^^^^
  File "renpy/display/behavior.py", line 1107, in handle_click
    rv = run(action)
         ~~~^^^^^^^^
  File "renpy/display/behavior.py", line 411, in run
    return action(*args, **kwargs)
           ~~~~~~^^^^^^^^^^^^^^^^^
  File "renpy/common/00action_control.rpy", line 79, in __call__
    renpy.jump(self.label)
    ~~~~~~~~~~^^^^^^^^^^^^
  File "renpy/exports/statementexports.py", line 271, in jump
    raise renpy.game.JumpException(label)
renpy.game.JumpException: jolly_christmas_story

During handling of the above exception, another exception occurred:

Traceback (most recent call last):
  File "renpy/common/00start.rpy", line 282, in script
    python:
  File "renpy/ast.py", line 1187, in execute
    renpy.python.py_exec_bytecode(self.code.bytecode, self.hide, store=self.store)
    ~~~~~~~~~~~~~~~~~~~~~~~~~~~~~^^^^^^^^^^^^^^^^^^^^^^^^^^^^^^^^^^^^^^^^^^^^^^^^^
  File "renpy/python.py", line 1260, in py_exec_bytecode
    exec(bytecode, globals, locals)
    ~~~~^^^^^^^^^^^^^^^^^^^^^^^^^^^
  File "renpy/common/00start.rpy", line 284, in <module>
    renpy.call_in_new_context(_restart[2])
    ~~~~~~~~~~~~~~~~~~~~~~~~~^^^^^^^^^^^^^
  File "renpy/game.py", line 372, in call_in_new_context
    return renpy.execution.run_context(False)
           ~~~~~~~~~~~~~~~~~~~~~~~~~~~^^^^^^^
  File "renpy/execution.py", line 1022, in run_context
    context.run()
    ~~~~~~~~~~~^^
  File "renpy/common/_layout/screen_main_menu.rpym", line 28, in script
    python hide:
  File "renpy/script.py", line 1161, in lookup
    raise LabelNotFound(original)
renpy.script.LabelNotFound: could not find label 'jolly_christmas_story'.

While running game code:
renpy.game.JumpException: jolly_christmas_story

During handling of the above exception, another exception occurred:

renpy.script.LabelNotFound: could not find label 'jolly_christmas_story'.

Full traceback:
  File "renpy/common/_layout/screen_main_menu.rpym", line 28, in script
    python hide:
  File "renpy/ast.py", line 1187, in execute
    renpy.python.py_exec_bytecode(self.code.bytecode, self.hide, store=self.store)
    ~~~~~~~~~~~~~~~~~~~~~~~~~~~~~^^^^^^^^^^^^^^^^^^^^^^^^^^^^^^^^^^^^^^^^^^^^^^^^^
  File "renpy/python.py", line 1260, in py_exec_bytecode
    exec(bytecode, globals, locals)
    ~~~~^^^^^^^^^^^^^^^^^^^^^^^^^^^
  File "renpy/common/_layout/screen_main_menu.rpym", line 28, in <module>
    python hide:
  File "renpy/common/_layout/screen_main_menu.rpym", line 35, in _execute_python_hide
    ui.interact()
    ~~~~~~~~~~~^^
  File "renpy/ui.py", line 304, in interact
    rv = renpy.game.interface.interact(roll_forward=roll_forward, **kwargs)
         ~~~~~~~~~~~~~~~~~~~~~~~~~~~~~^^^^^^^^^^^^^^^^^^^^^^^^^^^^^^^^^^^^^
  File "renpy/display/core.py", line 2219, in interact
    repeat, rv = self.interact_core(
                 ~~~~~~~~~~~~~~~~~~^
        preloads=preloads,
        ^^^^^^^^^^^^^^^^^^
    ...<4 lines>...
        **kwargs,
        ^^^^^^^^^
    )  # type: ignore
    ^                
  File "renpy/display/core.py", line 3302, in interact_core
    rv = root_widget.event(ev, x, y, 0)
         ~~~~~~~~~~~~~~~~~^^^^^^^^^^^^^
  File "renpy/display/layout.py", line 1284, in event
    rv = i.event(ev, x - xo, y - yo, cst)
         ~~~~~~~^^^^^^^^^^^^^^^^^^^^^^^^^
  File "renpy/display/layout.py", line 1284, in event
    rv = i.event(ev, x - xo, y - yo, cst)
         ~~~~~~~^^^^^^^^^^^^^^^^^^^^^^^^^
  File "renpy/display/layout.py", line 1284, in event
    rv = i.event(ev, x - xo, y - yo, cst)
         ~~~~~~~^^^^^^^^^^^^^^^^^^^^^^^^^
  File "renpy/display/screen.py", line 805, in event
    rv = self.child.event(ev, x, y, st)
         ~~~~~~~~~~~~~~~~^^^^^^^^^^^^^^
  File "renpy/display/layout.py", line 1284, in event
    rv = i.event(ev, x - xo, y - yo, cst)
         ~~~~~~~^^^^^^^^^^^^^^^^^^^^^^^^^
  File "renpy/display/transform.py", line 1115, in event
    rv = d.event(ev, cx, cy, st)
         ~~~~~~~^^^^^^^^^^^^^^^^
  File "renpy/display/layout.py", line 1284, in event
    rv = i.event(ev, x - xo, y - yo, cst)
         ~~~~~~~^^^^^^^^^^^^^^^^^^^^^^^^^
  File "renpy/display/layout.py", line 1284, in event
    rv = i.event(ev, x - xo, y - yo, cst)
         ~~~~~~~^^^^^^^^^^^^^^^^^^^^^^^^^
  File "renpy/display/transform.py", line 1115, in event
    rv = d.event(ev, cx, cy, st)
         ~~~~~~~^^^^^^^^^^^^^^^^
  File "renpy/display/behavior.py", line 1184, in event
    return handle_click(self.clicked)
           ~~~~~~~~~~~~^^^^^^^^^^^^^^
  File "renpy/display/behavior.py", line 1107, in handle_click
    rv = run(action)
         ~~~^^^^^^^^
  File "renpy/display/behavior.py", line 411, in run
    return action(*args, **kwargs)
           ~~~~~~^^^^^^^^^^^^^^^^^
  File "renpy/common/00action_control.rpy", line 79, in __call__
    renpy.jump(self.label)
    ~~~~~~~~~~^^^^^^^^^^^^
  File "renpy/exports/statementexports.py", line 271, in jump
    raise renpy.game.JumpException(label)
renpy.game.JumpException: jolly_christmas_story

During handling of the above exception, another exception occurred:

Traceback (most recent call last):
  File "renpy/common/00start.rpy", line 282, in script
    python:
  File "renpy/ast.py", line 1187, in execute
    renpy.python.py_exec_bytecode(self.code.bytecode, self.hide, store=self.store)
    ~~~~~~~~~~~~~~~~~~~~~~~~~~~~~^^^^^^^^^^^^^^^^^^^^^^^^^^^^^^^^^^^^^^^^^^^^^^^^^
  File "renpy/python.py", line 1260, in py_exec_bytecode
    exec(bytecode, globals, locals)
    ~~~~^^^^^^^^^^^^^^^^^^^^^^^^^^^
  File "renpy/common/00start.rpy", line 284, in <module>
    renpy.call_in_new_context(_restart[2])
    ~~~~~~~~~~~~~~~~~~~~~~~~~^^^^^^^^^^^^^
  File "renpy/game.py", line 372, in call_in_new_context
    return renpy.execution.run_context(False)
           ~~~~~~~~~~~~~~~~~~~~~~~~~~~^^^^^^^
  File "renpy/execution.py", line 1022, in run_context
    context.run()
    ~~~~~~~~~~~^^
  File "renpy/common/_layout/screen_main_menu.rpym", line 28, in script
    python hide:
  File "renpy/script.py", line 1161, in lookup
    raise LabelNotFound(original)
renpy.script.LabelNotFound: could not find label 'jolly_christmas_story'.

During handling of the above exception, another exception occurred:

Traceback (most recent call last):
  File "renpy/bootstrap.py", line 376, in bootstrap
    renpy.main.main()
    ~~~~~~~~~~~~~~~^^
  File "renpy/main.py", line 614, in main
    run(restart)
    ~~~^^^^^^^^^
  File "renpy/main.py", line 137, in run
    renpy.execution.run_context(True)
    ~~~~~~~~~~~~~~~~~~~~~~~~~~~^^^^^^
  File "renpy/execution.py", line 1022, in run_context
    context.run()
    ~~~~~~~~~~~^^
  File "renpy/common/00start.rpy", line 282, in script
    python:
  File "renpy/common/00start.rpy", line 282, in script
    python:
  File "renpy/display/error.py", line 135, in report_exception
    renpy.game.invoke_in_new_context(
    ~~~~~~~~~~~~~~~~~~~~~~~~~~~~~~~~^
        call_exception_screen,
        ^^^^^^^^^^^^^^^^^^^^^^
    ...<4 lines>...
        ignore_action=ignore_action,
        ^^^^^^^^^^^^^^^^^^^^^^^^^^^^
    )
    ^
  File "renpy/game.py", line 301, in invoke_in_new_context
    return callable(*args, **kwargs)
           ~~~~~~~~^^^^^^^^^^^^^^^^^
  File "renpy/display/error.py", line 44, in call_exception_screen
    return renpy.ui.interact(mouse="screen", type="screen", suppress_overlay=True, suppress_underlay=True)
           ~~~~~~~~~~~~~~~~~^^^^^^^^^^^^^^^^^^^^^^^^^^^^^^^^^^^^^^^^^^^^^^^^^^^^^^^^^^^^^^^^^^^^^^^^^^^^^^
  File "renpy/ui.py", line 304, in interact
    rv = renpy.game.interface.interact(roll_forward=roll_forward, **kwargs)
         ~~~~~~~~~~~~~~~~~~~~~~~~~~~~~^^^^^^^^^^^^^^^^^^^^^^^^^^^^^^^^^^^^^
  File "renpy/display/core.py", line 2219, in interact
    repeat, rv = self.interact_core(
                 ~~~~~~~~~~~~~~~~~~^
        preloads=preloads,
        ^^^^^^^^^^^^^^^^^^
    ...<4 lines>...
        **kwargs,
        ^^^^^^^^^
    )  # type: ignore
    ^                
  File "renpy/display/core.py", line 3302, in interact_core
    rv = root_widget.event(ev, x, y, 0)
         ~~~~~~~~~~~~~~~~~^^^^^^^^^^^^^
  File "renpy/display/layout.py", line 1284, in event
    rv = i.event(ev, x - xo, y - yo, cst)
         ~~~~~~~^^^^^^^^^^^^^^^^^^^^^^^^^
  File "renpy/display/layout.py", line 1284, in event
    rv = i.event(ev, x - xo, y - yo, cst)
         ~~~~~~~^^^^^^^^^^^^^^^^^^^^^^^^^
  File "renpy/display/layout.py", line 1284, in event
    rv = i.event(ev, x - xo, y - yo, cst)
         ~~~~~~~^^^^^^^^^^^^^^^^^^^^^^^^^
  File "renpy/display/screen.py", line 805, in event
    rv = self.child.event(ev, x, y, st)
         ~~~~~~~~~~~~~~~~^^^^^^^^^^^^^^
  File "renpy/display/layout.py", line 1284, in event
    rv = i.event(ev, x - xo, y - yo, cst)
         ~~~~~~~^^^^^^^^^^^^^^^^^^^^^^^^^
  File "renpy/display/layout.py", line 1508, in event
    rv = super(Window, self).event(ev, x, y, st)
         ~~~~~~~~~~~~~~~~~~~~~~~~~^^^^^^^^^^^^^^
  File "renpy/display/layout.py", line 273, in event
    rv = d.event(ev, x - xo, y - yo, st)
         ~~~~~~~^^^^^^^^^^^^^^^^^^^^^^^^
  File "renpy/display/layout.py", line 273, in event
    rv = d.event(ev, x - xo, y - yo, st)
         ~~~~~~~^^^^^^^^^^^^^^^^^^^^^^^^
  File "renpy/display/layout.py", line 1284, in event
    rv = i.event(ev, x - xo, y - yo, cst)
         ~~~~~~~^^^^^^^^^^^^^^^^^^^^^^^^^
  File "renpy/display/layout.py", line 1284, in event
    rv = i.event(ev, x - xo, y - yo, cst)
         ~~~~~~~^^^^^^^^^^^^^^^^^^^^^^^^^
  File "renpy/display/layout.py", line 1284, in event
    rv = i.event(ev, x - xo, y - yo, cst)
         ~~~~~~~^^^^^^^^^^^^^^^^^^^^^^^^^
  File "renpy/display/behavior.py", line 1184, in event
    return handle_click(self.clicked)
           ~~~~~~~~~~~~^^^^^^^^^^^^^^
  File "renpy/display/behavior.py", line 1107, in handle_click
    rv = run(action)
         ~~~^^^^^^^^
  File "renpy/display/behavior.py", line 411, in run
    return action(*args, **kwargs)
           ~~~~~~^^^^^^^^^^^^^^^^^
  File "renpy/display/error.py", line 51, in rollback_action
    renpy.exports.rollback(force=True)
    ~~~~~~~~~~~~~~~~~~~~~~^^^^^^^^^^^^
  File "renpy/exports/rollbackexports.py", line 233, in rollback
    renpy.game.log.rollback(
    ~~~~~~~~~~~~~~~~~~~~~~~^
        checkpoints, greedy=greedy, label=label, force=(force is True), abnormal=abnormal, current_label=current_label
        ^^^^^^^^^^^^^^^^^^^^^^^^^^^^^^^^^^^^^^^^^^^^^^^^^^^^^^^^^^^^^^^^^^^^^^^^^^^^^^^^^^^^^^^^^^^^^^^^^^^^^^^^^^^^^^
    )
    ^
  File "renpy/rollback.py", line 950, in rollback
    self.load_failed()
    ~~~~~~~~~~~~~~~~^^
  File "renpy/rollback.py", line 864, in load_failed
    raise Exception(
        "Couldn't find a place to stop rolling back. Perhaps the script changed in an incompatible way?"
    )
Exception: Couldn't find a place to stop rolling back. Perhaps the script changed in an incompatible way?

While running game code:
renpy.game.JumpException: jolly_christmas_story

During handling of the above exception, another exception occurred:

renpy.script.LabelNotFound: could not find label 'jolly_christmas_story'.

During handling of the above exception, another exception occurred:

Exception: Couldn't find a place to stop rolling back. Perhaps the script changed in an incompatible way?
